Java HotSpot(TM) 64-Bit Server VM (25.60-b23) for bsd-amd64 JRE (1.8.0_60-b27), built on Aug  4 2015 10:47:24 by "java_re" with gcc 4.2.1 (Based on Apple Inc. build 5658) (LLVM build 2336.11.00)
Memory: 4k page, physical 8388608k(360928k free)

/proc/meminfo:

CommandLine flags: -XX:InitialHeapSize=134217728 -XX:+ManagementServer -XX:MaxHeapSize=2147483648 -XX:+PrintCommandLineFlags -XX:+PrintGC -XX:+PrintGCDateStamps -XX:+PrintGCTimeStamps -XX:+UseCompressedClassPointers -XX:+UseCompressedOops -XX:+UseParallelGC 
2015-09-27T15:37:56.035+0600: 0.977: [GC (Allocation Failure)  33280K->5554K(125952K), 0.0071791 secs]
2015-09-27T15:37:56.282+0600: 1.223: [GC (Allocation Failure)  38834K->6483K(125952K), 0.0073543 secs]
2015-09-27T15:37:56.495+0600: 1.437: [GC (Allocation Failure)  39763K->7815K(125952K), 0.0060467 secs]
2015-09-27T15:37:56.678+0600: 1.620: [GC (Allocation Failure)  41095K->9054K(159232K), 0.0101772 secs]
2015-09-27T15:37:56.883+0600: 1.824: [GC (Allocation Failure)  75614K->9553K(159232K), 0.0084225 secs]
2015-09-27T15:37:57.338+0600: 2.280: [GC (Allocation Failure)  76113K->11714K(227328K), 0.0153352 secs]
2015-09-27T15:37:58.243+0600: 3.185: [GC (Allocation Failure)  144322K->15944K(227840K), 0.0283395 secs]
2015-09-27T15:37:58.503+0600: 3.445: [GC (Metadata GC Threshold)  50216K->14291K(360960K), 0.0078397 secs]
2015-09-27T15:37:58.511+0600: 3.453: [Full GC (Metadata GC Threshold)  14291K->10831K(332800K), 0.0578722 secs]
2015-09-27T15:45:04.818+0600: 429.749: [GC (Allocation Failure)  276047K->23096K(332800K), 0.0203168 secs]
